Processed Certificate Type: -
Certificate Errors: 2
  Priority: Error, Message: Forbidden value in PrintableString '-'
  Priority: Error, Message: Forbidden value in PrintableString '-'
