Processed Certificate Type: EV
Certificate Errors: 2
  Priority: Warning, Message: Using deprecated TeletexString for 'DÃ¼sseldorf'
  Priority: Info, Message: commonName field is deprecated
