Processed Certificate Type: OV
Certificate Errors: 2
  Priority: Error, Message: Forbidden value in UTF8String '_'
  Priority: Info, Message: commonName field is deprecated
