Processed Certificate Type: OV
Certificate Errors: 3
  Priority: Error, Message: Certificate contains no extended key usage
  Priority: Error, Message: Certificate has no key usage set
  Priority: Info, Message: commonName field is deprecated
