Incomplete chain for ADIF CA consejo.adifaltavelocidad.es 81228d7efe84370b394fbd52dad59884 &{[] <nil> 0 {0 0}}
Processed Certificate Type: PS
Certificate Errors: 10
  Priority: Error, Message: Certificate contains no Authority Info Access Issuers
  Priority: Error, Message: Certificate contains no extended key usage
  Priority: Error, Message: Certificate has no key usage set
  Priority: Error, Message: Certificate key too small: 1024
  Priority: Error, Message: Certificate contains no CRL or OCSP server
  Priority: Info, Message: emailAddress field is deprecated
  Priority: Error, Message: stateOrProvinceName is required if organizationName is set
  Priority: Info, Message: commonName field is deprecated
  Priority: Error, Message: Certificate doesn't contain any subjectAltName
  Priority: Error, Message: Certificate is not V3 (1)
